<html>
<body>
<pre>
<h1>µVision Build Log</h1>
<h2>Project:</h2>
C:\_work\cert\Iot\ETH\Project\Standalone\httpserver\MDK-ARM\Project.uvproj
Project File Date:  04/21/2012

<h2>Output:</h2>
Rebuild target 'STM324xG_EVAL'
compiling system_stm32f4xx.c...
assembling startup_stm32f4xx.s...
compiling main.c...
compiling netconf.c...
..\src\netconf.c(72): warning:  #177-D: variable "iptab" was declared but never referenced
..\src\netconf.c(73): warning:  #177-D: variable "iptxt" was declared but never referenced
compiling stm32f4x7_eth_bsp.c...
compiling stm32f4xx_it.c...
compiling fs.c...
compiling serial_debug.c...
compiling httpd_cgi_ssi.c...
compiling httpd.c...
..\src\httpd.c(2047): warning:  #177-D: variable "lpcb" was declared but never referenced
compiling api_lib.c...
compiling api_msg.c...
compiling err.c...
compiling netbuf.c...
compiling netdb.c...
compiling netifapi.c...
compiling sockets.c...
compiling tcpip.c...
compiling dhcp.c...
compiling dns.c...
compiling init.c...
compiling mem.c...
..\..\..\..\Utilities\Third_Party\lwip_v1.3.2\src\core\mem.c(184): warning:  #550-D: variable "mem_sem" was set but never used
compiling memp.c...
compiling netif.c...
compiling pbuf.c...
compiling raw.c...
compiling stats.c...
compiling sys.c...
compiling tcp.c...
compiling tcp_in.c...
compiling tcp_out.c...
..\..\..\..\Utilities\Third_Party\lwip_v1.3.2\src\core\tcp_out.c(465): warning:  #550-D: variable "tcphdr" was set but never used
..\..\..\..\Utilities\Third_Party\lwip_v1.3.2\src\core\tcp_out.c(935): warning:  #550-D: variable "tcphdr" was set but never used
compiling udp.c...
compiling autoip.c...
compiling icmp.c...
compiling igmp.c...
compiling inet.c...
compiling inet_chksum.c...
compiling ip.c...
compiling ip_addr.c...
compiling ip_frag.c...
compiling etharp.c...
compiling loopif.c...
compiling slipif.c...
compiling ethernetif.c...
compiling stm32f4xx_usart.c...
compiling misc.c...
compiling stm32f4xx_adc.c...
compiling stm32f4xx_dma.c...
compiling stm32f4xx_exti.c...
compiling stm32f4xx_flash.c...
compiling stm32f4xx_fsmc.c...
compiling stm32f4xx_gpio.c...
compiling stm32f4xx_rcc.c...
compiling stm32f4xx_sdio.c...
compiling stm32f4xx_syscfg.c...
compiling stm32f4xx_i2c.c...
compiling stm32f4x7_eth.c...
compiling stm324xg_eval_lcd.c...
compiling stm324xg_eval.c...
linking...
Program Size: Code=24544 RO-data=57736 RW-data=340 ZI-data=32948  
FromELF: creating hex file...
".\STM324xG_EVAL\STM324xG_EVAL.axf" - 0 Errors, 6 Warning(s).
