ARM Linker, 5.03 [Build 76] [MDK-ARM Standard Cortex-M only]

==============================================================================

Section Cross References

    vectors.o(RESET) refers to cstartup.o(MSTACK) for __initial_msp
    vectors.o(RESET) refers to cstartup.o(.text) for Reset_Handler
    vectors.o(RESET) refers to vectors.o(.text) for NMI_Handler
    vectors.o(RESET) refers to chcore_v7m.o(.text) for SVC_Handler
    vectors.o(RESET) refers to st_lld.o(.text) for VectorB0
    vectors.o(RESET) refers to gpt_lld.o(.text) for VectorB4
    vectors.o(RESET) refers to mac_lld.o(.text) for Vector134
    vectors.o(RESET) refers to serial_lld.o(.text) for Vector15C
    cstartup.o(MSTACK) refers (Special) to heapauxi.o(.text) for __use_two_region_memory
    cstartup.o(CSTACK) refers (Special) to heapauxi.o(.text) for __use_two_region_memory
    cstartup.o(HEAP) refers (Special) to heapauxi.o(.text) for __use_two_region_memory
    cstartup.o(.text) refers (Special) to heapauxi.o(.text) for __use_two_region_memory
    cstartup.o(.text) refers to board.o(.text) for __early_init
    cstartup.o(.text) refers to cstartup.o(CSTACK) for __initial_sp
    cstartup.o(.text) refers to __main.o(!!!main) for __main
    cstartup.o(.text) refers to cstartup.o(HEAP) for Heap_Mem
    chcore_v7m.o(.text) refers to chschd.o(.text) for chSchIsPreemptionRequired
    chcore_v7m.o(.text) refers to chcoreasm_v7m.o(.text) for _port_switch_from_isr
    chcoreasm_v7m.o(.text) refers to chthreads.o(.text) for chThdExit
    chcoreasm_v7m.o(.text) refers to chschd.o(.text) for chSchDoReschedule
    mac_lld.o(.text) refers to chthreads.o(.text) for chThdDequeueAllI
    mac_lld.o(.text) refers to chevents.o(.text) for chEvtBroadcastFlagsI
    mac_lld.o(.text) refers to chcore_v7m.o(.text) for _port_irq_epilogue
    mac_lld.o(.text) refers to mac.o(.text) for macObjectInit
    mac_lld.o(.text) refers to chsys.o(.text) for chSysHalt
    mac_lld.o(.text) refers to nvic.o(.text) for nvicEnableVector
    mac_lld.o(.text) refers to mac_lld.o(.bss) for .bss
    mac_lld.o(.text) refers to mac_lld.o(.constdata) for .constdata
    mac_lld.o(.text) refers to rt_memcpy_v6.o(.text) for __aeabi_memcpy
    mac.o(.text) refers to mac_lld.o(.text) for mac_lld_init
    mac.o(.text) refers to chthreads.o(.text) for chThdEnqueueTimeoutS
    pal.o(.text) refers to pal_lld.o(.text) for _pal_lld_setgroupmode
    chvt.o(.text) refers to st.o(.text) for stStartAlarm
    chvt.o(.text) refers to chschd.o(.bss) for ch
    chcond.o(.text) refers to chschd.o(.text) for chSchWakeupS
    chcond.o(.text) refers to chmtx.o(.text) for chMtxUnlockS
    chcond.o(.text) refers to chschd.o(.bss) for ch
    chdynamic.o(.text) refers to chmempools.o(.text) for chPoolFree
    chdynamic.o(.text) refers to chheap.o(.text) for chHeapFree
    chdynamic.o(.text) refers to chthreads.o(.text) for chThdCreateI
    chdynamic.o(.text) refers to chschd.o(.text) for chSchWakeupS
    chevents.o(.text) refers to chschd.o(.text) for chSchReadyI
    chevents.o(.text) refers to chschd.o(.bss) for ch
    chheap.o(.text) refers to chmtx.o(.text) for chMtxObjectInit
    chheap.o(.text) refers to chmemcore.o(.text) for chCoreAlloc
    chheap.o(.text) refers to chheap.o(.bss) for .bss
    chmboxes.o(.text) refers to chsem.o(.text) for chSemObjectInit
    chmboxes.o(.text) refers to chschd.o(.text) for chSchRescheduleS
    chmemcore.o(.text) refers to chmemcore.o(.data) for .data
    chmsg.o(.text) refers to chschd.o(.text) for chSchReadyI
    chmsg.o(.text) refers to chschd.o(.bss) for ch
    chmtx.o(.text) refers to chschd.o(.text) for chSchReadyI
    chmtx.o(.text) refers to chschd.o(.bss) for ch
    chqueues.o(.text) refers to chthreads.o(.text) for chThdDequeueAllI
    chregistry.o(.text) refers to chdynamic.o(.text) for chThdRelease
    chregistry.o(.text) refers to chschd.o(.bss) for ch
    chschd.o(.text) refers to chcoreasm_v7m.o(.text) for _port_switch
    chschd.o(.text) refers to chvt.o(.text) for chVTDoSetI
    chschd.o(.text) refers to chschd.o(.bss) for .bss
    chsem.o(.text) refers to chschd.o(.text) for chSchReadyI
    chsem.o(.text) refers to chschd.o(.bss) for ch
    chsys.o(.text) refers to chschd.o(.text) for _scheduler_init
    chsys.o(.text) refers to chvt.o(.text) for _vt_init
    chsys.o(.text) refers to chtm.o(.text) for _tm_init
    chsys.o(.text) refers to chmemcore.o(.text) for _core_init
    chsys.o(.text) refers to chheap.o(.text) for _heap_init
    chsys.o(.text) refers to chthreads.o(.text) for _thread_init
    chsys.o(.text) refers to st.o(.text) for stStopAlarm
    chsys.o(.text) refers to chschd.o(.bss) for ch
    chsys.o(.text) refers to chregistry.o(.constdata) for ch_debug
    chthreads.o(.text) refers to chschd.o(.text) for chSchWakeupS
    chthreads.o(.text) refers to chdynamic.o(.text) for chThdRelease
    chthreads.o(.text) refers to chschd.o(.bss) for ch
[...]
    chMsgRelease                             0x0800168b   Thumb Code    20  chmsg.o(.text)
    chMtxObjectInit                          0x080016a5   Thumb Code    10  chmtx.o(.text)
    chMtxLockS                               0x080016af   Thumb Code   204  chmtx.o(.text)
    chMtxLock                                0x0800177b   Thumb Code    20  chmtx.o(.text)
    chMtxTryLockS                            0x0800178f   Thumb Code    30  chmtx.o(.text)
    chMtxTryLock                             0x080017ad   Thumb Code    42  chmtx.o(.text)
    chMtxUnlock                              0x080017d7   Thumb Code    92  chmtx.o(.text)
    chMtxUnlockS                             0x08001833   Thumb Code    74  chmtx.o(.text)
    chMtxUnlockAll                           0x0800187d   Thumb Code    72  chmtx.o(.text)
    chIQObjectInit                           0x080018c9   Thumb Code    32  chqueues.o(.text)
    chIQResetI                               0x080018e9   Thumb Code    16  chqueues.o(.text)
    chIQPutI                                 0x080018f9   Thumb Code    54  chqueues.o(.text)
    chIQGetTimeout                           0x0800192f   Thumb Code    70  chqueues.o(.text)
    chIQReadTimeout                          0x08001975   Thumb Code   112  chqueues.o(.text)
    chOQObjectInit                           0x080019e5   Thumb Code    26  chqueues.o(.text)
    chOQResetI                               0x080019ff   Thumb Code    20  chqueues.o(.text)
    chOQPutTimeout                           0x08001a13   Thumb Code    86  chqueues.o(.text)
    chOQGetI                                 0x08001a69   Thumb Code    52  chqueues.o(.text)
    chOQWriteTimeout                         0x08001a9d   Thumb Code   114  chqueues.o(.text)
    chRegFirstThread                         0x08001b11   Thumb Code    24  chregistry.o(.text)
    chRegNextThread                          0x08001b29   Thumb Code    40  chregistry.o(.text)
    _scheduler_init                          0x08001b55   Thumb Code    16  chschd.o(.text)
    chSchReadyI                              0x08001b65   Thumb Code    28  chschd.o(.text)
    chSchGoSleepS                            0x08001b81   Thumb Code    34  chschd.o(.text)
    chSchGoSleepTimeoutS                     0x08001c07   Thumb Code    96  chschd.o(.text)
    chSchWakeupS                             0x08001c67   Thumb Code    90  chschd.o(.text)
    chSchDoRescheduleAhead                   0x08001cc1   Thumb Code    60  chschd.o(.text)
    chSchRescheduleS                         0x08001cfd   Thumb Code    78  chschd.o(.text)
    chSchIsPreemptionRequired                0x08001d4b   Thumb Code    20  chschd.o(.text)
    chSchDoRescheduleBehind                  0x08001d5f   Thumb Code    60  chschd.o(.text)
    chSchDoReschedule                        0x08001d9b   Thumb Code    60  chschd.o(.text)
    chSemObjectInit                          0x08001de1   Thumb Code     8  chsem.o(.text)
    chSemResetI                              0x08001de9   Thumb Code    42  chsem.o(.text)
    chSemReset                               0x08001e13   Thumb Code    58  chsem.o(.text)
    chSemWaitS                               0x08001e4d   Thumb Code    46  chsem.o(.text)
    chSemWait                                0x08001e7b   Thumb Code    58  chsem.o(.text)
    chSemWaitTimeoutS                        0x08001eb5   Thumb Code    50  chsem.o(.text)
    chSemWaitTimeout                         0x08001ee7   Thumb Code    66  chsem.o(.text)
    chSemSignal                              0x08001f29   Thumb Code    44  chsem.o(.text)
    chSemSignalI                             0x08001f55   Thumb Code    32  chsem.o(.text)
    chSemAddCounterI                         0x08001f75   Thumb Code    46  chsem.o(.text)
    chSemSignalWait                          0x08001fa3   Thumb Code    86  chsem.o(.text)
    chSysInit                                0x08001fff   Thumb Code   138  chsys.o(.text)
    chSysHalt                                0x08002089   Thumb Code     8  chsys.o(.text)
    chSysIntegrityCheckI                     0x08002091   Thumb Code   128  chsys.o(.text)
    chSysTimerHandlerI                       0x08002111   Thumb Code   128  chsys.o(.text)
    chSysGetStatusAndLockX                   0x08002191   Thumb Code    26  chsys.o(.text)
    chSysRestoreStatusX                      0x080021ab   Thumb Code    36  chsys.o(.text)
    chSysIsCounterWithinX                    0x080021cf   Thumb Code    14  chsys.o(.text)
    chSysPolledDelayX                        0x080021dd   Thumb Code    18  chsys.o(.text)
    _thread_init                             0x08002219   Thumb Code    48  chthreads.o(.text)
    chThdCreateI                             0x08002249   Thumb Code    72  chthreads.o(.text)
    chThdCreateStatic                        0x08002291   Thumb Code    94  chthreads.o(.text)
    chThdStart                               0x080022ef   Thumb Code    20  chthreads.o(.text)
    chThdSetPriority                         0x08002303   Thumb Code    44  chthreads.o(.text)
    chThdTerminate                           0x0800232f   Thumb Code    22  chthreads.o(.text)
    chThdSleep                               0x08002345   Thumb Code    24  chthreads.o(.text)
    chThdSleepUntil                          0x0800235d   Thumb Code    30  chthreads.o(.text)
    chThdSleepUntilWindowed                  0x0800237b   Thumb Code    42  chthreads.o(.text)
    chThdYield                               0x080023a5   Thumb Code    34  chthreads.o(.text)
    chThdExitS                               0x080023c7   Thumb Code    64  chthreads.o(.text)
    chThdExit                                0x08002407   Thumb Code    70  chthreads.o(.text)
    chThdWait                                0x0800244d   Thumb Code    50  chthreads.o(.text)
    chThdSuspendS                            0x0800247f   Thumb Code    22  chthreads.o(.text)
    chThdSuspendTimeoutS                     0x08002495   Thumb Code    24  chthreads.o(.text)
    chThdResumeI                             0x080024ad   Thumb Code    20  chthreads.o(.text)
    chThdResumeS                             0x080024c1   Thumb Code    18  chthreads.o(.text)
    chThdResume                              0x080024d3   Thumb Code    28  chthreads.o(.text)
    chThdEnqueueTimeoutS                     0x080024ef   Thumb Code    30  chthreads.o(.text)
    chThdDequeueNextI                        0x0800250d   Thumb Code    24  chthreads.o(.text)
    chThdDequeueAllI                         0x08002525   Thumb Code    36  chthreads.o(.text)
    chTMStopMeasurementX                     0x08002551   Thumb Code    58  chtm.o(.text)
    chTMStartMeasurementX                    0x0800258b   Thumb Code     8  chtm.o(.text)
    chTMObjectInit                           0x08002593   Thumb Code    20  chtm.o(.text)
    _tm_init                                 0x080025a7   Thumb Code    18  chtm.o(.text)
    chTMChainMeasurementToX                  0x080025b9   Thumb Code    54  chtm.o(.text)
    sdInit                                   0x08002639   Thumb Code     4  serial.o(.text)
    sdObjectInit                             0x0800263d   Thumb Code    56  serial.o(.text)
    sdStart                                  0x08002675   Thumb Code    28  serial.o(.text)
    sdStop                                   0x08002691   Thumb Code    48  serial.o(.text)
    sdIncomingDataI                          0x080026c1   Thumb Code    46  serial.o(.text)
    sdRequestDataI                           0x080026ef   Thumb Code    26  serial.o(.text)
    gptInit                                  0x0800270d   Thumb Code     4  gpt.o(.text)
    gptObjectInit                            0x08002711   Thumb Code    10  gpt.o(.text)
    gptStart                                 0x0800271b   Thumb Code    30  gpt.o(.text)
    gptStop                                  0x08002739   Thumb Code    28  gpt.o(.text)
    gptChangeInterval                        0x08002755   Thumb Code    20  gpt.o(.text)
    gptStartContinuousI                      0x08002769   Thumb Code     8  gpt.o(.text)
    gptStartContinuous                       0x08002771   Thumb Code    24  gpt.o(.text)
    gptStartOneShotI                         0x08002789   Thumb Code     8  gpt.o(.text)
    gptStartOneShot                          0x08002791   Thumb Code    24  gpt.o(.text)
    gptStopTimerI                            0x080027a9   Thumb Code     8  gpt.o(.text)
    gptStopTimer                             0x080027b1   Thumb Code    24  gpt.o(.text)
    gptPolledDelay                           0x080027c9   Thumb Code    20  gpt.o(.text)
    halInit                                  0x080027dd   Thumb Code    36  hal.o(.text)
    stInit                                   0x08002805   Thumb Code     4  st.o(.text)
    stStartAlarm                             0x08002809   Thumb Code    16  st.o(.text)
    stStopAlarm                              0x08002819   Thumb Code    10  st.o(.text)
    stSetAlarm                               0x08002823   Thumb Code     8  st.o(.text)
    stGetAlarm                               0x0800282b   Thumb Code     8  st.o(.text)
    hal_lld_init                             0x08002835   Thumb Code    94  hal_lld.o(.text)
    stm32_clock_init                         0x08002893   Thumb Code   194  hal_lld.o(.text)
    _pal_lld_init                            0x0800298d   Thumb Code   354  pal_lld.o(.text)
    _pal_lld_setgroupmode                    0x08002aef   Thumb Code   172  pal_lld.o(.text)
    gpt_lld_stop_timer                       0x08002bc9   Thumb Code    22  gpt_lld.o(.text)
    VectorB4                                 0x08002bdf   Thumb Code    52  gpt_lld.o(.text)
    VectorB8                                 0x08002c13   Thumb Code    52  gpt_lld.o(.text)
    gpt_lld_init                             0x08002c47   Thumb Code    30  gpt_lld.o(.text)
    gpt_lld_start                            0x08002c65   Thumb Code   144  gpt_lld.o(.text)
    gpt_lld_stop                             0x08002cf5   Thumb Code    72  gpt_lld.o(.text)
    gpt_lld_start_timer                      0x08002d3d   Thumb Code    46  gpt_lld.o(.text)
    gpt_lld_polled_delay                     0x08002d6b   Thumb Code    34  gpt_lld.o(.text)
    Vector15C                                0x08002db5   Thumb Code   254  serial_lld.o(.text)
    sd_lld_init                              0x08002eb3   Thumb Code    20  serial_lld.o(.text)
    sd_lld_start                             0x08002ec7   Thumb Code   110  serial_lld.o(.text)
    sd_lld_stop                              0x08002f35   Thumb Code    42  serial_lld.o(.text)
    VectorB0                                 0x08002f81   Thumb Code    40  st_lld.o(.text)
    st_lld_init                              0x08002fa9   Thumb Code    58  st_lld.o(.text)
    nvicEnableVector                         0x08002fed   Thumb Code    34  nvic.o(.text)
    nvicDisableVector                        0x0800300f   Thumb Code    32  nvic.o(.text)
    nvicSetSystemHandlerPriority             0x0800302f   Thumb Code     8  nvic.o(.text)
    nvicClearPending                         0x08003037   Thumb Code    26  nvic.o(.text)
    chvprintf                                0x08003059   Thumb Code   718  chprintf.o(.text)
    chsnprintf                               0x08003327   Thumb Code    54  chprintf.o(.text)
    msObjectInit                             0x080033eb   Thumb Code    20  memstreams.o(.text)
    main                                     0x08003451   Thumb Code   152  main.o(.text)
    __early_init                             0x08003535   Thumb Code     4  board.o(.text)
    boardInit                                0x08003539   Thumb Code     2  board.o(.text)
    messageArrived                           0x0800353d   Thumb Code    70  mqtt.o(.text)
    mqtt_client                              0x08003583   Thumb Code   256  mqtt.o(.text)
    NewMessageData                           0x080037cd   Thumb Code     6  mqttclient.o(.text)
    getNextPacketId                          0x080037d3   Thumb Code    20  mqttclient.o(.text)
    sendPacket                               0x080037e7   Thumb Code    84  mqttclient.o(.text)
    MQTTClient                               0x0800383b   Thumb Code    50  mqttclient.o(.text)
    decodePacket                             0x0800386d   Thumb Code    70  mqttclient.o(.text)
    readPacket                               0x080038b3   Thumb Code   162  mqttclient.o(.text)
    isTopicMatched                           0x08003955   Thumb Code    96  mqttclient.o(.text)
    deliverMessage                           0x080039b5   Thumb Code   190  mqttclient.o(.text)
    keepalive                                0x08003a73   Thumb Code    80  mqttclient.o(.text)
    cycle                                    0x08003ac3   Thumb Code   458  mqttclient.o(.text)
    MQTTYield                                0x08003c8d   Thumb Code    62  mqttclient.o(.text)
    waitfor                                  0x08003ccb   Thumb Code    42  mqttclient.o(.text)
    MQTTConnect                              0x08003cf5   Thumb Code   172  mqttclient.o(.text)
    MQTTSubscribe                            0x08003da1   Thumb Code   264  mqttclient.o(.text)
    MQTTUnsubscribe                          0x08003ea9   Thumb Code   156  mqttclient.o(.text)
    MQTTPublish                              0x08003f45   Thumb Code   264  mqttclient.o(.text)
    MQTTDisconnect                           0x0800404d   Thumb Code    56  mqttclient.o(.text)
    MQTTSerialize_connectLength              0x08004089   Thumb Code   120  mqttconnectclient.o(.text)
    MQTTSerialize_connect                    0x08004101   Thumb Code   388  mqttconnectclient.o(.text)
    MQTTDeserialize_connack                  0x08004285   Thumb Code    92  mqttconnectclient.o(.text)
    MQTTSerialize_zero                       0x080042e1   Thumb Code    52  mqttconnectclient.o(.text)
    MQTTSerialize_disconnect                 0x08004315   Thumb Code    54  mqttconnectclient.o(.text)
    MQTTSerialize_pingreq                    0x0800434b   Thumb Code    54  mqttconnectclient.o(.text)
    MQTTDeserialize_publish                  0x08004391   Thumb Code   142  mqttdeserializepublish.o(.text)
    MQTTDeserialize_ack                      0x0800441f   Thumb Code    76  mqttdeserializepublish.o(.text)
    expired                                  0x0800446d   Thumb Code    14  mqttlwip.o(.text)
    countdown_ms                             0x0800447b   Thumb Code    32  mqttlwip.o(.text)
    countdown                                0x0800449b   Thumb Code    20  mqttlwip.o(.text)
    left_ms                                  0x080044af   Thumb Code    34  mqttlwip.o(.text)
    InitTimer                                0x080044d1   Thumb Code     6  mqttlwip.o(.text)
    mqtt_lwip_read                           0x080044d7   Thumb Code   146  mqttlwip.o(.text)
    mqtt_lwip_write                          0x08004569   Thumb Code    36  mqttlwip.o(.text)
    mqtt_lwip_disconnect                     0x0800458d   Thumb Code    22  mqttlwip.o(.text)
    NewNetwork                               0x080045a3   Thumb Code    28  mqttlwip.o(.text)
    ConnectNetwork                           0x080045bf   Thumb Code    54  mqttlwip.o(.text)
    MQTTPacket_encode                        0x080045f5   Thumb Code    44  mqttpacket.o(.text)
    MQTTPacket_decode                        0x08004621   Thumb Code    56  mqttpacket.o(.text)
    MQTTPacket_len                           0x08004659   Thumb Code    32  mqttpacket.o(.text)
    bufchar                                  0x08004679   Thumb Code    72  mqttpacket.o(.text)
    MQTTPacket_decodeBuf                     0x080046c1   Thumb Code    62  mqttpacket.o(.text)
    readInt                                  0x080046ff   Thumb Code    18  mqttpacket.o(.text)
    readChar                                 0x08004711   Thumb Code    12  mqttpacket.o(.text)
    writeChar                                0x0800471d   Thumb Code    12  mqttpacket.o(.text)
    writeInt                                 0x08004729   Thumb Code    32  mqttpacket.o(.text)
    writeCString                             0x08004749   Thumb Code    56  mqttpacket.o(.text)
    getLenStringLen                          0x08004781   Thumb Code    10  mqttpacket.o(.text)
    writeMQTTString                          0x0800478b   Thumb Code   126  mqttpacket.o(.text)
    readMQTTLenString                        0x08004809   Thumb Code    64  mqttpacket.o(.text)
    MQTTstrlen                               0x08004849   Thumb Code    14  mqttpacket.o(.text)
    MQTTPacket_equals                        0x08004857   Thumb Code    56  mqttpacket.o(.text)
    MQTTPacket_read                          0x0800488f   Thumb Code   154  mqttpacket.o(.text)
    MQTTSerialize_publishLength              0x08004931   Thumb Code    30  mqttserializepublish.o(.text)
    MQTTSerialize_publish                    0x0800494f   Thumb Code   154  mqttserializepublish.o(.text)
    MQTTSerialize_ack                        0x080049e9   Thumb Code    70  mqttserializepublish.o(.text)
    MQTTSerialize_puback                     0x08004a2f   Thumb Code    70  mqttserializepublish.o(.text)
    MQTTSerialize_pubrel                     0x08004a75   Thumb Code    74  mqttserializepublish.o(.text)
    MQTTSerialize_pubcomp                    0x08004abf   Thumb Code    70  mqttserializepublish.o(.text)
    MQTTSerialize_subscribeLength            0x08004b05   Thumb Code    54  mqttsubscribeclient.o(.text)
    MQTTSerialize_subscribe                  0x08004b3b   Thumb Code   186  mqttsubscribeclient.o(.text)
    MQTTDeserialize_suback                   0x08004bf5   Thumb Code   138  mqttsubscribeclient.o(.text)
    MQTTSerialize_unsubscribeLength          0x08004c81   Thumb Code    54  mqttunsubscribeclient.o(.text)
    MQTTSerialize_unsubscribe                0x08004cb7   Thumb Code   172  mqttunsubscribeclient.o(.text)
    MQTTDeserialize_unsuback                 0x08004d63   Thumb Code    44  mqttunsubscribeclient.o(.text)
    http_server                              0x08004d91   Thumb Code   182  web.o(.text)
    netconn_new_with_proto_and_callback      0x08004e89   Thumb Code    68  api_lib.o(.text)
    netconn_delete                           0x08004ecd   Thumb Code    40  api_lib.o(.text)
    netconn_getaddr                          0x08004ef5   Thumb Code    48  api_lib.o(.text)
    netconn_bind                             0x08004f25   Thumb Code    42  api_lib.o(.text)
    netconn_connect                          0x08004f4f   Thumb Code    42  api_lib.o(.text)
    netconn_disconnect                       0x08004f79   Thumb Code    36  api_lib.o(.text)
    netconn_listen_with_backlog              0x08004f9d   Thumb Code    36  api_lib.o(.text)
    netconn_accept                           0x08004fc1   Thumb Code    52  api_lib.o(.text)
    netconn_recv                             0x08004ff5   Thumb Code   246  api_lib.o(.text)
    netconn_send                             0x080050eb   Thumb Code    38  api_lib.o(.text)
    netconn_sendto                           0x08005111   Thumb Code    54  api_lib.o(.text)
    netconn_write                            0x08005147   Thumb Code    58  api_lib.o(.text)
    netconn_close                            0x08005181   Thumb Code    36  api_lib.o(.text)
    netconn_gethostbyname                    0x080051a5   Thumb Code    78  api_lib.o(.text)
    netconn_free                             0x080054ab   Thumb Code   104  api_msg.o(.text)
    netconn_alloc                            0x08005513   Thumb Code   100  api_msg.o(.text)
    do_newconn                               0x080056ab   Thumb Code   176  api_msg.o(.text)
    do_delconn                               0x0800575b   Thumb Code   102  api_msg.o(.text)
    do_bind                                  0x080057c1   Thumb Code   128  api_msg.o(.text)
    do_connect                               0x08005893   Thumb Code   172  api_msg.o(.text)
    do_disconnect                            0x0800593f   Thumb Code    34  api_msg.o(.text)
    do_listen                                0x08005961   Thumb Code   146  api_msg.o(.text)
    do_send                                  0x080059f3   Thumb Code   116  api_msg.o(.text)
    do_recv                                  0x08005a67   Thumb Code    46  api_msg.o(.text)
    do_write                                 0x08005a95   Thumb Code    54  api_msg.o(.text)
    do_getaddr                               0x08005acb   Thumb Code   126  api_msg.o(.text)
    do_close                                 0x08005b49   Thumb Code    32  api_msg.o(.text)
    do_gethostbyname                         0x08005b97   Thumb Code    40  api_msg.o(.text)
    netbuf_new                               0x08005c95   Thumb Code    26  netbuf.o(.text)
    netbuf_delete                            0x08005caf   Thumb Code    36  netbuf.o(.text)
    netbuf_alloc                             0x08005cd3   Thumb Code    44  netbuf.o(.text)
    netbuf_free                              0x08005cff   Thumb Code    28  netbuf.o(.text)
    netbuf_ref                               0x08005d1b   Thumb Code    68  netbuf.o(.text)
    netbuf_chain                             0x08005d5f   Thumb Code    38  netbuf.o(.text)
    netbuf_data                              0x08005d85   Thumb Code    40  netbuf.o(.text)
    netbuf_next                              0x08005dad   Thumb Code    28  netbuf.o(.text)
    netbuf_first                             0x08005dc9   Thumb Code    10  netbuf.o(.text)
    lwip_socket_init                         0x08005dd5   Thumb Code    22  sockets.o(.text)
    lwip_accept                              0x08005eed   Thumb Code   380  sockets.o(.text)
    lwip_bind                                0x08006069   Thumb Code   104  sockets.o(.text)
    lwip_close                               0x080060d1   Thumb Code    74  sockets.o(.text)
    lwip_connect                             0x0800611b   Thumb Code   104  sockets.o(.text)
    lwip_listen                              0x08006183   Thumb Code   104  sockets.o(.text)
    lwip_recvfrom                            0x080061eb   Thumb Code   402  sockets.o(.text)
    lwip_read                                0x0800637d   Thumb Code    18  sockets.o(.text)
    lwip_recv                                0x0800638f   Thumb Code    24  sockets.o(.text)
    lwip_sendto                              0x080063a7   Thumb Code   186  sockets.o(.text)
    lwip_send                                0x08006461   Thumb Code   114  sockets.o(.text)
    lwip_socket                              0x080064d3   Thumb Code   160  sockets.o(.text)
    lwip_write                               0x08006573   Thumb Code     4  sockets.o(.text)
    lwip_select                              0x08006577   Thumb Code   430  sockets.o(.text)
    lwip_shutdown                            0x08006725   Thumb Code    74  sockets.o(.text)
    lwip_getpeername                         0x0800676f   Thumb Code   118  sockets.o(.text)
    lwip_getsockname                         0x080067e5   Thumb Code   118  sockets.o(.text)
    lwip_getsockopt                          0x0800693f   Thumb Code   254  sockets.o(.text)
    lwip_setsockopt                          0x08006af5   Thumb Code   268  sockets.o(.text)
    lwip_ioctl                               0x08006c01   Thumb Code   148  sockets.o(.text)
    tcp_timer_needed                         0x08006da1   Thumb Code    38  tcpip.o(.text)
    tcpip_input                              0x08006f23   Thumb Code    82  tcpip.o(.text)
    tcpip_callback_with_block                0x08006f75   Thumb Code    92  tcpip.o(.text)
    tcpip_timeout                            0x08006fd1   Thumb Code    66  tcpip.o(.text)
    tcpip_untimeout                          0x08007013   Thumb Code    54  tcpip.o(.text)
    tcpip_apimsg                             0x08007049   Thumb Code    52  tcpip.o(.text)
    tcpip_init                               0x0800707d   Thumb Code    42  tcpip.o(.text)
    pbuf_free_callback                       0x080070ab   Thumb Code    82  tcpip.o(.text)
    mem_free_callback                        0x080070fd   Thumb Code    82  tcpip.o(.text)
    pbuf_free                                0x0800718d   Thumb Code    70  pbuf.o(.text)
    pbuf_alloc                               0x080071d3   Thumb Code   330  pbuf.o(.text)
    pbuf_realloc                             0x0800731d   Thumb Code    88  pbuf.o(.text)
    pbuf_header                              0x08007375   Thumb Code   112  pbuf.o(.text)
    pbuf_clen                                0x080073e5   Thumb Code    18  pbuf.o(.text)
    pbuf_ref                                 0x080073f7   Thumb Code    14  pbuf.o(.text)
    pbuf_cat                                 0x08007405   Thumb Code    40  pbuf.o(.text)
    pbuf_chain                               0x0800742d   Thumb Code    60  pbuf.o(.text)
    pbuf_dechain                             0x08007469   Thumb Code    40  pbuf.o(.text)
    pbuf_copy                                0x08007491   Thumb Code   148  pbuf.o(.text)
    pbuf_copy_partial                        0x08007525   Thumb Code   112  pbuf.o(.text)
    pbuf_take                                0x08007595   Thumb Code    86  pbuf.o(.text)
    pbuf_coalesce                            0x080075eb   Thumb Code   172  pbuf.o(.text)
    dhcp_renew                               0x08007bdb   Thumb Code   242  dhcp.o(.text)
    dhcp_coarse_tmr                          0x08007ccd   Thumb Code    86  dhcp.o(.text)
    dhcp_release                             0x08007e7d   Thumb Code   244  dhcp.o(.text)
    dhcp_fine_tmr                            0x08007f71   Thumb Code   188  dhcp.o(.text)
    dhcp_stop                                0x0800802d   Thumb Code    50  dhcp.o(.text)
    dhcp_start                               0x080083c3   Thumb Code   190  dhcp.o(.text)
    dhcp_inform                              0x08008481   Thumb Code   260  dhcp.o(.text)
    dhcp_network_changed                     0x08008585   Thumb Code    72  dhcp.o(.text)
    dhcp_arp_reply                           0x080085cd   Thumb Code   264  dhcp.o(.text)
    dns_setserver                            0x080088f9   Thumb Code    36  dns.o(.text)
    dns_init                                 0x08008ad5   Thumb Code    66  dns.o(.text)
    dns_getserver                            0x08008b17   Thumb Code    18  dns.o(.text)
    dns_tmr                                  0x08008b29   Thumb Code   196  dns.o(.text)
    dns_gethostbyname                        0x08008bed   Thumb Code   398  dns.o(.text)
    lwip_init                                0x08008ef1   Thumb Code    30  init.o(.text)
    mem_init                                 0x08008f11   Thumb Code    52  mem.o(.text)
    mem_free                                 0x08008f45   Thumb Code   140  mem.o(.text)
    mem_realloc                              0x08008fd1   Thumb Code   222  mem.o(.text)
    mem_malloc                               0x080090af   Thumb Code   216  mem.o(.text)
    mem_calloc                               0x08009187   Thumb Code    26  mem.o(.text)
    memp_init                                0x080091a9   Thumb Code    88  memp.o(.text)
    memp_malloc                              0x08009201   Thumb Code    28  memp.o(.text)
    memp_free                                0x0800921d   Thumb Code    20  memp.o(.text)
    netif_set_gw                             0x0800923d   Thumb Code    10  netif.o(.text)
    netif_set_netmask                        0x08009247   Thumb Code    10  netif.o(.text)
    netif_set_ipaddr                         0x08009251   Thumb Code    92  netif.o(.text)
    netif_set_addr                           0x080092ad   Thumb Code   122  netif.o(.text)
    netif_add                                0x08009327   Thumb Code   204  netif.o(.text)
    netif_set_default                        0x080093f3   Thumb Code     6  netif.o(.text)
    netif_remove                             0x080093f9   Thumb Code    60  netif.o(.text)
    netif_find                               0x08009435   Thumb Code    56  netif.o(.text)
    netif_set_up                             0x0800946d   Thumb Code    58  netif.o(.text)
    netif_set_down                           0x080094a7   Thumb Code    30  netif.o(.text)
    netif_is_up                              0x080094c5   Thumb Code    10  netif.o(.text)
    netif_set_link_up                        0x080094cf   Thumb Code    80  netif.o(.text)
    netif_set_link_down                      0x0800951f   Thumb Code    22  netif.o(.text)
    netif_is_link_up                         0x08009535   Thumb Code    10  netif.o(.text)
    netif_set_link_callback                  0x0800953f   Thumb Code     8  netif.o(.text)
    raw_input                                0x08009555   Thumb Code   102  raw.o(.text)
    raw_bind                                 0x080095bb   Thumb Code    12  raw.o(.text)
    raw_connect                              0x080095c7   Thumb Code    12  raw.o(.text)
    raw_recv                                 0x080095d3   Thumb Code     6  raw.o(.text)
    raw_sendto                               0x080095d9   Thumb Code   140  raw.o(.text)
    raw_send                                 0x08009665   Thumb Code   152  raw.o(.text)
    raw_remove                               0x080096fd   Thumb Code    40  raw.o(.text)
    raw_new                                  0x08009725   Thumb Code    46  raw.o(.text)
    sys_mbox_fetch                           0x08009759   Thumb Code    96  sys.o(.text)
    sys_sem_wait                             0x080097b9   Thumb Code    86  sys.o(.text)
    sys_timeout                              0x0800980f   Thumb Code   118  sys.o(.text)
    sys_untimeout                            0x08009885   Thumb Code    78  sys.o(.text)
    sys_sem_wait_timeout                     0x080098df   Thumb Code   298  sys.o(.text)
    sys_msleep                               0x08009a09   Thumb Code    28  sys.o(.text)
    tcp_seg_free                             0x08009a29   Thumb Code    32  tcp.o(.text)
    tcp_segs_free                            0x08009a49   Thumb Code    50  tcp.o(.text)
    tcp_pcb_purge                            0x08009a7b   Thumb Code   106  tcp.o(.text)
    tcp_slowtmr                              0x08009ae5   Thumb Code   574  tcp.o(.text)
    tcp_pcb_remove                           0x08009d23   Thumb Code    92  tcp.o(.text)
    tcp_close                                0x08009d7f   Thumb Code   182  tcp.o(.text)
    tcp_update_rcv_ann_wnd                   0x08009e35   Thumb Code    64  tcp.o(.text)
    tcp_recved                               0x08009e75   Thumb Code   110  tcp.o(.text)
    tcp_recv_null                            0x08009ee3   Thumb Code   154  tcp.o(.text)
    tcp_fasttmr                              0x08009f7d   Thumb Code   206  tcp.o(.text)
    tcp_tmr                                  0x0800a04b   Thumb Code    28  tcp.o(.text)
    tcp_abandon                              0x0800a067   Thumb Code   220  tcp.o(.text)
    tcp_bind                                 0x0800a143   Thumb Code   334  tcp.o(.text)
    tcp_listen_with_backlog                  0x0800a297   Thumb Code   132  tcp.o(.text)
    tcp_eff_send_mss                         0x0800a31b   Thumb Code    36  tcp.o(.text)
    tcp_next_iss                             0x0800a33f   Thumb Code    12  tcp.o(.text)
    tcp_connect                              0x0800a34b   Thumb Code   376  tcp.o(.text)
    tcp_setprio                              0x0800a4c3   Thumb Code     4  tcp.o(.text)
    tcp_alloc                                0x0800a4c7   Thumb Code   256  tcp.o(.text)
    tcp_new                                  0x0800a5c7   Thumb Code     4  tcp.o(.text)
    tcp_arg                                  0x0800a5cb   Thumb Code     4  tcp.o(.text)
    tcp_recv                                 0x0800a5cf   Thumb Code     6  tcp.o(.text)
    tcp_sent                                 0x0800a5d5   Thumb Code     6  tcp.o(.text)
    tcp_err                                  0x0800a5db   Thumb Code     6  tcp.o(.text)
    tcp_accept                               0x0800a5e1   Thumb Code     4  tcp.o(.text)
    tcp_poll                                 0x0800a5e5   Thumb Code    10  tcp.o(.text)
    tcp_debug_state_str                      0x0800a5ef   Thumb Code     8  tcp.o(.text)
    tcp_input                                0x0800aa63   Thumb Code  1270  tcp_in.o(.text)
    tcp_enqueue                              0x0800b39d   Thumb Code   826  tcp_out.o(.text)
    tcp_send_ctrl                            0x0800b6d7   Thumb Code    28  tcp_out.o(.text)
    tcp_write                                0x0800b6f3   Thumb Code    66  tcp_out.o(.text)
    tcp_send_empty_ack                       0x0800b735   Thumb Code    90  tcp_out.o(.text)
    tcp_output                               0x0800b78f   Thumb Code   682  tcp_out.o(.text)
    tcp_rst                                  0x0800ba39   Thumb Code   150  tcp_out.o(.text)
    tcp_rexmit_rto                           0x0800bacf   Thumb Code    44  tcp_out.o(.text)
    tcp_rexmit                               0x0800bafb   Thumb Code    82  tcp_out.o(.text)
    tcp_rexmit_fast                          0x0800bb4d   Thumb Code   178  tcp_out.o(.text)
    tcp_keepalive                            0x0800bbff   Thumb Code    76  tcp_out.o(.text)
    tcp_zero_window_probe                    0x0800bc4b   Thumb Code   140  tcp_out.o(.text)
    udp_input                                0x0800bd59   Thumb Code   392  udp.o(.text)
    udp_bind                                 0x0800bee1   Thumb Code    98  udp.o(.text)
    udp_sendto_if                            0x0800bf43   Thumb Code   294  udp.o(.text)
    udp_sendto                               0x0800c069   Thumb Code    42  udp.o(.text)
    udp_send                                 0x0800c093   Thumb Code    42  udp.o(.text)
    udp_connect                              0x0800c0bd   Thumb Code   180  udp.o(.text)
    udp_disconnect                           0x0800c171   Thumb Code    20  udp.o(.text)
    udp_recv                                 0x0800c185   Thumb Code     6  udp.o(.text)
    udp_remove                               0x0800c18b   Thumb Code    40  udp.o(.text)
    udp_new                                  0x0800c1b3   Thumb Code    38  udp.o(.text)
    sys_init                                 0x0800c1e1   Thumb Code     2  sys_arch.o(.text)
    sys_sem_new                              0x0800c1e3   Thumb Code    30  sys_arch.o(.text)
    sys_sem_free                             0x0800c201   Thumb Code     4  sys_arch.o(.text)
    sys_sem_signal                           0x0800c205   Thumb Code     4  sys_arch.o(.text)
    sys_sem_signal_S                         0x0800c209   Thumb Code    16  sys_arch.o(.text)
    sys_arch_sem_wait                        0x0800c219   Thumb Code    46  sys_arch.o(.text)
    sys_sem_valid                            0x0800c247   Thumb Code    10  sys_arch.o(.text)
    sys_sem_set_invalid                      0x0800c251   Thumb Code     6  sys_arch.o(.text)
    sys_mbox_new                             0x0800c257   Thumb Code    38  sys_arch.o(.text)
    sys_mbox_free                            0x0800c27d   Thumb Code    38  sys_arch.o(.text)
    sys_mbox_post                            0x0800c2a3   Thumb Code     8  sys_arch.o(.text)
    sys_mbox_trypost                         0x0800c2ab   Thumb Code    20  sys_arch.o(.text)
    sys_arch_mbox_fetch                      0x0800c2bf   Thumb Code    46  sys_arch.o(.text)
    sys_arch_mbox_tryfetch                   0x0800c2ed   Thumb Code    20  sys_arch.o(.text)
    sys_mbox_valid                           0x0800c301   Thumb Code    10  sys_arch.o(.text)
    sys_mbox_set_invalid                     0x0800c30b   Thumb Code     6  sys_arch.o(.text)
    sys_thread_new                           0x0800c311   Thumb Code    80  sys_arch.o(.text)
    sys_arch_protect                         0x0800c361   Thumb Code     4  sys_arch.o(.text)
    sys_arch_unprotect                       0x0800c365   Thumb Code     4  sys_arch.o(.text)
    sys_now                                  0x0800c369   Thumb Code    20  sys_arch.o(.text)
    sys_arch_timeouts                        0x0800c37d   Thumb Code     4  sys_arch.o(.text)
    autoip_init                              0x0800c389   Thumb Code     2  autoip.o(.text)
    autoip_start                             0x0800c38b   Thumb Code   222  autoip.o(.text)
    autoip_network_changed                   0x0800c469   Thumb Code   104  autoip.o(.text)
    autoip_stop                              0x0800c4d1   Thumb Code    16  autoip.o(.text)
    autoip_tmr                               0x0800c4e1   Thumb Code   322  autoip.o(.text)
    autoip_arp_reply                         0x0800c623   Thumb Code   214  autoip.o(.text)
    icmp_input                               0x0800c719   Thumb Code   286  icmp.o(.text)
    icmp_dest_unreach                        0x0800c837   Thumb Code   108  icmp.o(.text)
    icmp_time_exceeded                       0x0800c8a3   Thumb Code   108  icmp.o(.text)
    inet_aton                                0x0800c911   Thumb Code   270  inet.o(.text)
    inet_addr                                0x0800ca1f   Thumb Code    20  inet.o(.text)
    inet_ntoa                                0x0800ca33   Thumb Code   134  inet.o(.text)
    inet_chksum_pseudo                       0x0800cac1   Thumb Code   224  inet_chksum.o(.text)
    inet_chksum                              0x0800cba1   Thumb Code    68  inet_chksum.o(.text)
    inet_chksum_pbuf                         0x0800cbe5   Thumb Code   136  inet_chksum.o(.text)
    ip_route                                 0x0800cc6d   Thumb Code    66  ip.o(.text)
    ip_input                                 0x0800ccaf   Thumb Code   406  ip.o(.text)
    ip_output_if                             0x0800ce45   Thumb Code   212  ip.o(.text)
    ip_output                                0x0800cf19   Thumb Code   106  ip.o(.text)
    ip_addr_isbroadcast                      0x0800cf91   Thumb Code    52  ip_addr.o(.text)
    ip_reass_tmr                             0x0800cfc5   Thumb Code   174  ip_frag.o(.text)
    ip_reass                                 0x0800d073   Thumb Code   736  ip_frag.o(.text)
    ip_frag                                  0x0800d353   Thumb Code   338  ip_frag.o(.text)
    etharp_tmr                               0x0800d5b1   Thumb Code    98  etharp.o(.text)
    etharp_find_addr                         0x0800d855   Thumb Code    52  etharp.o(.text)
    etharp_ip_input                          0x0800d889   Thumb Code    46  etharp.o(.text)
    etharp_arp_input                         0x0800d8b7   Thumb Code   258  etharp.o(.text)
    etharp_raw                               0x0800d9b9   Thumb Code   206  etharp.o(.text)
    etharp_request                           0x0800da87   Thumb Code   176  etharp.o(.text)
    etharp_query                             0x0800db37   Thumb Code   472  etharp.o(.text)
    etharp_output                            0x0800dd0f   Thumb Code   230  etharp.o(.text)
    ethernet_input                           0x0800ddf5   Thumb Code   116  etharp.o(.text)
    test_printn                              0x0800de71   Thumb Code    86  test.o(.text)
    test_print                               0x0800dec7   Thumb Code    34  test.o(.text)
    test_println                             0x0800dee9   Thumb Code    46  test.o(.text)
    test_emit_token                          0x0800df17   Thumb Code    24  test.o(.text)
    _test_fail                               0x0800df2f   Thumb Code    14  test.o(.text)
    _test_assert                             0x0800df3d   Thumb Code    22  test.o(.text)
    _test_assert_sequence                    0x0800df53   Thumb Code    60  test.o(.text)
    _test_assert_time_window                 0x0800df8f   Thumb Code    44  test.o(.text)
    test_terminate_threads                   0x0800dfbb   Thumb Code    26  test.o(.text)
    test_wait_threads                        0x0800dfd5   Thumb Code    30  test.o(.text)
    test_wait_tick                           0x0800dff3   Thumb Code    26  test.o(.text)
    test_start_timer                         0x0800e015   Thumb Code    64  test.o(.text)
    TestThread                               0x0800e055   Thumb Code  1446  test.o(.text)
    memcmp                                   0x0801164d   Thumb Code    88  memcmp.o(.text)
    strcpy                                   0x080116a5   Thumb Code    72  strcpy.o(.text)
    strlen                                   0x080116ed   Thumb Code    62  strlen.o(.text)
    strncmp                                  0x0801172b   Thumb Code   150  strncmp.o(.text)
    __aeabi_memcpy                           0x080117c1   Thumb Code     0  rt_memcpy_v6.o(.text)
    __rt_memcpy                              0x080117c1   Thumb Code   138  rt_memcpy_v6.o(.text)
    _memcpy_lastbytes                        0x08011827   Thumb Code     0  rt_memcpy_v6.o(.text)
    __aeabi_memcpy4                          0x0801184b   Thumb Code     0  rt_memcpy_w.o(.text)
    __aeabi_memcpy8                          0x0801184b   Thumb Code     0  rt_memcpy_w.o(.text)
    __rt_memcpy_w                            0x0801184b   Thumb Code   100  rt_memcpy_w.o(.text)
    _memcpy_lastbytes_aligned                0x08011893   Thumb Code     0  rt_memcpy_w.o(.text)
    __aeabi_memclr                           0x080118af   Thumb Code     0  rt_memclr.o(.text)
    __rt_memclr                              0x080118af   Thumb Code    68  rt_memclr.o(.text)
    _memset                                  0x080118b3   Thumb Code     0  rt_memclr.o(.text)
    __aeabi_memclr4                          0x080118f3   Thumb Code     0  rt_memclr_w.o(.text)
    __aeabi_memclr8                          0x080118f3   Thumb Code     0  rt_memclr_w.o(.text)
    __rt_memclr_w                            0x080118f3   Thumb Code    78  rt_memclr_w.o(.text)
    _memset_w                                0x080118f7   Thumb Code     0  rt_memclr_w.o(.text)
    strcmp                                   0x08011941   Thumb Code   128  strcmpv7m.o(.text)
    __use_two_region_memory                  0x080119c1   Thumb Code     2  heapauxi.o(.text)
    __rt_heap_escrow$2region                 0x080119c3   Thumb Code     2  heapauxi.o(.text)
    __rt_heap_expand$2region                 0x080119c5   Thumb Code     2  heapauxi.o(.text)
    exit                                     0x080119c7   Thumb Code    12  exit.o(.text)
    _sys_exit                                0x080119d5   Thumb Code     8  sys_exit.o(.text)
    __I$use$semihosting                      0x080119e1   Thumb Code     0  use_no_semi.o(.text)
    __use_no_semihosting_swi                 0x080119e1   Thumb Code     2  use_no_semi.o(.text)
    __ARM_common_memclr4_10                  0x080119e3   Thumb Code    12  autoip.o(i.__ARM_common_memclr4_10)
    __semihosting_library_function           0x080119e3   Thumb Code     0  indicate_semi.o(.text)
    _fp_init                                 0x080119ef   Thumb Code    10  fpinit.o(x$fpl$fpinit)
    __fplib_config_fpu_vfp                   0x080119f7   Thumb Code     0  fpinit.o(x$fpl$fpinit)
    __fplib_config_pureend_doubles           0x080119f7   Thumb Code     0  fpinit.o(x$fpl$fpinit)
    ch_debug                                 0x080119fe   Data          22  chregistry.o(.constdata)
    pal_default_config                       0x08011a50   Data         252  board.o(.constdata)
    tcp_persist_backoff                      0x08011d24   Data           7  tcp.o(.constdata)
    tcp_backoff                              0x08011d2b   Data          13  tcp.o(.constdata)
    ip_addr_any                              0x08011d38   Data           4  ip_addr.o(.constdata)
    ip_addr_broadcast                        0x08011d3c   Data           4  ip_addr.o(.constdata)
    ethbroadcast                             0x08011d40   Data           6  etharp.o(.constdata)
    ethzero                                  0x08011d46   Data           6  etharp.o(.constdata)
    wa                                       0x08011d4c   Data          20  test.o(.constdata)
    testbmk1                                 0x08011d60   Data          16  testbmk.o(.constdata)
    testbmk2                                 0x08011d70   Data          16  testbmk.o(.constdata)
    testbmk3                                 0x08011d80   Data          16  testbmk.o(.constdata)
    testbmk4                                 0x08011d90   Data          16  testbmk.o(.constdata)
    testbmk5                                 0x08011da0   Data          16  testbmk.o(.constdata)
    testbmk6                                 0x08011db0   Data          16  testbmk.o(.constdata)
    testbmk7                                 0x08011dc0   Data          16  testbmk.o(.constdata)
    testbmk8                                 0x08011dd0   Data          16  testbmk.o(.constdata)
    testbmk9                                 0x08011de0   Data          16  testbmk.o(.constdata)
    testbmk10                                0x08011df0   Data          16  testbmk.o(.constdata)
    testbmk11                                0x08011e00   Data          16  testbmk.o(.constdata)
    testbmk12                                0x08011e10   Data          16  testbmk.o(.constdata)
    testbmk13                                0x08011e20   Data          16  testbmk.o(.constdata)
    patternbmk                               0x08011e30   Data          56  testbmk.o(.constdata)
    testdyn1                                 0x08011e68   Data          16  testdyn.o(.constdata)
    testdyn2                                 0x08011e78   Data          16  testdyn.o(.constdata)
    testdyn3                                 0x08011e88   Data          16  testdyn.o(.constdata)
    patterndyn                               0x08011e98   Data          16  testdyn.o(.constdata)
    testevt1                                 0x08011eb4   Data          16  testevt.o(.constdata)
    testevt2                                 0x08011ec4   Data          16  testevt.o(.constdata)
    testevt3                                 0x08011ed4   Data          16  testevt.o(.constdata)
    patternevt                               0x08011ee4   Data          16  testevt.o(.constdata)
    testheap1                                0x08011ef4   Data          16  testheap.o(.constdata)
    patternheap                              0x08011f04   Data           8  testheap.o(.constdata)
    testmbox1                                0x08011f0c   Data          16  testmbox.o(.constdata)
    patternmbox                              0x08011f1c   Data           8  testmbox.o(.constdata)
    testmsg1                                 0x08011f24   Data          16  testmsg.o(.constdata)
    patternmsg                               0x08011f34   Data           8  testmsg.o(.constdata)
    testmtx1                                 0x08011f3c   Data          16  testmtx.o(.constdata)
    testmtx4                                 0x08011f4c   Data          16  testmtx.o(.constdata)
    testmtx5                                 0x08011f5c   Data          16  testmtx.o(.constdata)
    testmtx6                                 0x08011f6c   Data          16  testmtx.o(.constdata)
    testmtx7                                 0x08011f7c   Data          16  testmtx.o(.constdata)
    testmtx8                                 0x08011f8c   Data          16  testmtx.o(.constdata)
    patternmtx                               0x08011f9c   Data          28  testmtx.o(.constdata)
    testpools1                               0x08011fb8   Data          16  testpools.o(.constdata)
    patternpools                             0x08011fc8   Data           8  testpools.o(.constdata)
    testqueues1                              0x08011fd0   Data          16  testqueues.o(.constdata)
    testqueues2                              0x08011fe0   Data          16  testqueues.o(.constdata)
    patternqueues                            0x08011ff0   Data          12  testqueues.o(.constdata)
    testsem1                                 0x08011ffc   Data          16  testsem.o(.constdata)
    testsem2                                 0x0801200c   Data          16  testsem.o(.constdata)
    testsem3                                 0x0801201c   Data          16  testsem.o(.constdata)
    testsem4                                 0x0801202c   Data          16  testsem.o(.constdata)
    patternsem                               0x0801203c   Data          20  testsem.o(.constdata)
    testsys1                                 0x08012050   Data          16  testsys.o(.constdata)
    testsys2                                 0x08012060   Data          16  testsys.o(.constdata)
    testsys3                                 0x08012070   Data          16  testsys.o(.constdata)
    patternsys                               0x08012080   Data          16  testsys.o(.constdata)
    testthd1                                 0x08012090   Data          16  testthd.o(.constdata)
    testthd2                                 0x080120a0   Data          16  testthd.o(.constdata)
    testthd3                                 0x080120b0   Data          16  testthd.o(.constdata)
    testthd4                                 0x080120c0   Data          16  testthd.o(.constdata)
    patternthd                               0x080120d0   Data          20  testthd.o(.constdata)
    Region$$Table$$Base                      0x080125dc   Number         0  anon$$obj.o(Region$$Table)
    Region$$Table$$Limit                     0x080125fc   Number         0  anon$$obj.o(Region$$Table)
    netif_list                               0x20000050   Data           4  netif.o(.data)
    netif_default                            0x20000054   Data           4  netif.o(.data)
    tcp_ticks                                0x20000064   Data           4  tcp.o(.data)
    tcp_bound_pcbs                           0x20000068   Data           4  tcp.o(.data)
    tcp_listen_pcbs                          0x2000006c   Data           4  tcp.o(.data)
    tcp_active_pcbs                          0x20000070   Data           4  tcp.o(.data)
    tcp_tw_pcbs                              0x20000074   Data           4  tcp.o(.data)
    tcp_tmp_pcb                              0x20000078   Data           4  tcp.o(.data)
    tcp_state_str                            0x2000007c   Data          44  tcp.o(.data)
    tcp_input_pcb                            0x200000c0   Data           4  tcp_in.o(.data)
    udp_pcbs                                 0x200000c4   Data           4  udp.o(.data)
    lwip_system_timeouts                     0x200000c8   Data           4  sys_arch.o(.data)
    current_netif                            0x200000d0   Data           4  ip.o(.data)
    current_header                           0x200000d4   Data           4  ip.o(.data)
    test_global_fail                         0x200000e4   Data           1  test.o(.data)
    test_timer_done                          0x200000e6   Data           1  test.o(.data)
    ETHD1                                    0x200001e0   Data          44  mac_lld.o(.bss)
    ch                                       0x20002648   Data         472  chschd.o(.bss)
    GPTD3                                    0x20002820   Data          16  gpt_lld.o(.bss)
    GPTD4                                    0x20002830   Data          16  gpt_lld.o(.bss)
    SD6                                      0x20002840   Data         120  serial_lld.o(.bss)
    wa_mqtt_client                           0x20002e18   Data        1360  mqtt.o(.bss)
    wa_http_server                           0x20003368   Data        1360  web.o(.bss)
    threads                                  0x200095c4   Data          20  test.o(.bss)
    test                                     0x200095f0   Data        2320  test.o(.bss)
    __main_thread_stack_base__               0x20009fc8   Data           0  cstartup.o(CSTACK)
    __initial_sp                             0x2000a3c8   Data           0  cstartup.o(CSTACK)
    Image$$RW_IRAM1$$ZI$$Limit               0x2000abc8   Number         0  cstartup.o(MSTACK)
    __initial_msp                            0x2000abc8   Data           0  cstartup.o(MSTACK)
    Image$$RW_IRAM2$$Base                    0x20020000   Number         0  anon$$obj.o(linker$$defined$$symbols)



==============================================================================

Memory Map of the image

  Image Entry point : 0x080001c1

  Load Region LR_IROM1 (Base: 0x08000000, Size: 0x000127dc, Max: 0x00100000, ABSOLUTE, COMPRESSED[0x000126b0])

    Execution Region ER_IROM1 (Base: 0x08000000, Size: 0x000125fc, Max: 0x00100000, ABSOLUTE)

    Base Addr    Size         Type   Attr      Idx    E Section Name        Object

    0x08000000   0x000001c0   Data   RO            1    RESET               vectors.o
    0x080001c0   0x00000008   Code   RO         4534  * !!!main             c_w.l(__main.o)
    0x080001c8   0x00000034   Code   RO         4732    !!!scatter          c_w.l(__scatter.o)
    0x080001fc   0x0000005a   Code   RO         4730    !!dczerorl2         c_w.l(__dczerorl2.o)
    0x08000256   0x00000002   PAD
    0x08000258   0x0000001c   Code   RO         4734    !!handler_zi        c_w.l(__scatter_zi.o)
    0x08000274   0x00000002   Code   RO         4605    .ARM.Collect$$libinit$$00000000  c_w.l(libinit.o)
    0x08000276   0x00000004   Code   RO         4608    .ARM.Collect$$libinit$$00000001  c_w.l(libinit2.o)
    0x0800027a   0x00000000   Code   RO         4612    .ARM.Collect$$libinit$$00000008  c_w.l(libinit2.o)
    0x0800027a   0x00000000   Code   RO         4614    .ARM.Collect$$libinit$$0000000A  c_w.l(libinit2.o)
    0x0800027a   0x00000000   Code   RO         4616    .ARM.Collect$$libinit$$0000000C  c_w.l(libinit2.o)
    0x0800027a   0x00000000   Code   RO         4619    .ARM.Collect$$libinit$$0000000F  c_w.l(libinit2.o)
    0x0800027a   0x00000000   Code   RO         4621    .ARM.Collect$$libinit$$00000011  c_w.l(libinit2.o)
    0x0800027a   0x00000000   Code   RO         4623    .ARM.Collect$$libinit$$00000013  c_w.l(libinit2.o)
    0x0800027a   0x00000000   Code   RO         4625    .ARM.Collect$$libinit$$00000015  c_w.l(libinit2.o)
    0x0800027a   0x00000000   Code   RO         4627    .ARM.Collect$$libinit$$00000017  c_w.l(libinit2.o)
    0x0800027a   0x00000000   Code   RO         4629    .ARM.Collect$$libinit$$00000019  c_w.l(libinit2.o)
    0x0800027a   0x00000000   Code   RO         4631    .ARM.Collect$$libinit$$0000001B  c_w.l(libinit2.o)
    0x0800027a   0x00000000   Code   RO         4633    .ARM.Collect$$libinit$$0000001D  c_w.l(libinit2.o)
    0x0800027a   0x00000000   Code   RO         4635    .ARM.Collect$$libinit$$0000001F  c_w.l(libinit2.o)
    0x0800027a   0x00000000   Code   RO         4637    .ARM.Collect$$libinit$$00000021  c_w.l(libinit2.o)
    0x0800027a   0x00000000   Code   RO         4639    .ARM.Collect$$libinit$$00000023  c_w.l(libinit2.o)
    0x0800027a   0x00000000   Code   RO         4643    .ARM.Collect$$libinit$$0000002A  c_w.l(libinit2.o)
    0x0800027a   0x00000000   Code   RO         4645    .ARM.Collect$$libinit$$0000002C  c_w.l(libinit2.o)
    0x0800027a   0x00000000   Code   RO         4647    .ARM.Collect$$libinit$$0000002E  c_w.l(libinit2.o)
    0x0800027a   0x00000000   Code   RO         4649    .ARM.Collect$$libinit$$00000030  c_w.l(libinit2.o)
    0x0800027a   0x00000002   Code   RO         4650    .ARM.Collect$$libinit$$00000031  c_w.l(libinit2.o)
    0x0800027c   0x00000002   Code   RO         4670    .ARM.Collect$$libshutdown$$00000000  c_w.l(libshutdown.o)
    0x0800027e   0x00000000   Code   RO         4684    .ARM.Collect$$libshutdown$$00000003  c_w.l(libshutdown2.o)
    0x0800027e   0x00000000   Code   RO         4687    .ARM.Collect$$libshutdown$$00000006  c_w.l(libshutdown2.o)
    0x0800027e   0x00000000   Code   RO         4690    .ARM.Collect$$libshutdown$$00000009  c_w.l(libshutdown2.o)
    0x0800027e   0x00000000   Code   RO         4692    .ARM.Collect$$libshutdown$$0000000B  c_w.l(libshutdown2.o)
    0x0800027e   0x00000000   Code   RO         4695    .ARM.Collect$$libshutdown$$0000000E  c_w.l(libshutdown2.o)
    0x0800027e   0x00000002   Code   RO         4696    .ARM.Collect$$libshutdown$$0000000F  c_w.l(libshutdown2.o)
    0x08000280   0x00000000   Code   RO         4536    .ARM.Collect$$rtentry$$00000000  c_w.l(rtentry.o)
    0x08000280   0x00000000   Code   RO         4561    .ARM.Collect$$rtentry$$00000002  c_w.l(rtentry2.o)
    0x08000280   0x00000004   Code   RO         4575    .ARM.Collect$$rtentry$$00000005  c_w.l(rtentry5.o)
    0x08000284   0x00000000   Code   RO         4563    .ARM.Collect$$rtentry$$00000009  c_w.l(rtentry2.o)
    0x08000284   0x00000004   Code   RO         4564    .ARM.Collect$$rtentry$$0000000A  c_w.l(rtentry2.o)
    0x08000288   0x00000000   Code   RO         4566    .ARM.Collect$$rtentry$$0000000C  c_w.l(rtentry2.o)
    0x08000288   0x00000008   Code   RO         4567    .ARM.Collect$$rtentry$$0000000D  c_w.l(rtentry2.o)
    0x08000290   0x00000004   Code   RO         4576    .ARM.Collect$$rtentry$$00002716  c_w.l(rtentry5.o)
    0x08000294   0x00000002   Code   RO         4606    .ARM.Collect$$rtexit$$00000000  c_w.l(rtexit.o)
    0x08000296   0x00000000   Code   RO         4652    .ARM.Collect$$rtexit$$00000002  c_w.l(rtexit2.o)
    0x08000296   0x00000004   Code   RO         4653    .ARM.Collect$$rtexit$$00000003  c_w.l(rtexit2.o)
    0x0800029a   0x00000006   Code   RO         4654    .ARM.Collect$$rtexit$$00000004  c_w.l(rtexit2.o)
    0x080002a0   0x00000002   Code   RO            2    .text               vectors.o
    0x080002a2   0x00000002   PAD
    0x080002a4   0x00000050   Code   RO           11    .text               cstartup.o
    0x080002f4   0x00000078   Code   RO          174    .text               chcore_v7m.o
    0x0800036c   0x0000002e   Code   RO          195    .text               chcoreasm_v7m.o
    0x0800039a   0x00000002   PAD
    0x0800039c   0x00000550   Code   RO          201    .text               mac_lld.o
    0x080008ec   0x00000116   Code   RO          534    .text               mac.o
    0x08000a02   0x00000002   PAD
    0x08000a04   0x00000114   Code   RO          777    .text               chvt.o
    0x08000b18   0x000001e0   Code   RO          802    .text               chcond.o
    0x08000cf8   0x000000e8   Code   RO          897    .text               chdynamic.o
    0x08000de0   0x00000358   Code   RO          924    .text               chevents.o
    0x08001138   0x00000164   Code   RO          952    .text               chheap.o
    0x0800129c   0x00000284   Code   RO          976    .text               chmboxes.o
    0x08001520   0x0000006c   Code   RO         1059    .text               chmemcore.o
    0x0800158c   0x00000092   Code   RO         1083    .text               chmempools.o
    0x0800161e   0x00000002   PAD
    0x08001620   0x00000084   Code   RO         1109    .text               chmsg.o
    0x080016a4   0x00000224   Code   RO         1185    .text               chmtx.o
    0x080018c8   0x00000246   Code   RO         1265    .text               chqueues.o
    0x08001b0e   0x00000002   PAD
    0x08001b10   0x00000044   Code   RO         1297    .text               chregistry.o
    0x08001b54   0x0000028c   Code   RO         1325    .text               chschd.o
    0x08001de0   0x0000021c   Code   RO         1402    .text               chsem.o
    0x08001ffc   0x0000021c   Code   RO         1499    .text               chsys.o
    0x08002218   0x00000338   Code   RO         1588    .text               chthreads.o
    0x08002550   0x000000a8   Code   RO         1674    .text               chtm.o
    0x080025f8   0x00000114   Code   RO         1922    .text               serial.o
    0x0800270c   0x000000d0   Code   RO         1972    .text               gpt.o
    0x080027dc   0x00000028   Code   RO         2001    .text               hal.o
    0x08002804   0x0000002e   Code   RO         2021    .text               st.o
    0x08002832   0x00000002   PAD
    0x08002834   0x00000158   Code   RO         2047    .text               hal_lld.o
    0x0800298c   0x0000023c   Code   RO         2073    .text               pal_lld.o
    0x08002bc8   0x000001e0   Code   RO         2093    .text               gpt_lld.o
    0x08002da8   0x000001d8   Code   RO         2124    .text               serial_lld.o
    0x08002f80   0x0000006c   Code   RO         2160    .text               st_lld.o
    0x08002fec   0x0000006c   Code   RO         2180    .text               nvic.o
    0x08003058   0x0000030c   Code   RO         2277    .text               chprintf.o
    0x08003364   0x000000a0   Code   RO         2303    .text               memstreams.o
    0x08003404   0x00000130   Code   RO         2328    .text               main.o
    0x08003534   0x00000006   Code   RO         2411    .text               board.o
    0x0800353a   0x00000002   PAD
    0x0800353c   0x00000290   Code   RO         2440    .text               mqtt.o
    0x080037cc   0x000008bc   Code   RO         2526    .text               mqttclient.o
    0x08004088   0x00000308   Code   RO         2546    .text               mqttconnectclient.o
    0x08004390   0x000000da   Code   RO         2578    .text               mqttdeserializepublish.o
    0x0800446a   0x00000002   PAD
    0x0800446c   0x00000188   Code   RO         2614    .text               mqttlwip.o
    0x080045f4   0x0000033c   Code   RO         2632    .text               mqttpacket.o
    0x08004930   0x000001d4   Code   RO         2647    .text               mqttserializepublish.o
    0x08004b04   0x0000017a   Code   RO         2660    .text               mqttsubscribeclient.o
    0x08004c7e   0x00000002   PAD
    0x08004c80   0x0000010e   Code   RO         2685    .text               mqttunsubscribeclient.o
    0x08004d8e   0x00000002   PAD
    0x08004d90   0x000000f8   Code   RO         2712    .text               web.o
    0x08004e88   0x0000039c   Code   RO         2739    .text               api_lib.o
    0x08005224   0x00000a70   Code   RO         2885    .text               api_msg.o
    0x08005c94   0x0000013e   Code   RO         2947    .text               netbuf.o
    0x08005dd2   0x00000002   PAD
    0x08005dd4   0x00000fa4   Code   RO         3022    .text               sockets.o
    0x08006d78   0x00000414   Code   RO         3050    .text               tcpip.o
    0x0800718c   0x0000050a   Code   RO         3115    .text               pbuf.o
    0x08007696   0x00000002   PAD
    0x08007698   0x00001260   Code   RO         3148    .text               dhcp.o
    0x080088f8   0x000005f8   Code   RO         3193    .text               dns.o
    0x08008ef0   0x0000001e   Code   RO         3236    .text               init.o
    0x08008f0e   0x00000002   PAD
    0x08008f10   0x00000298   Code   RO         3279    .text               mem.o
    0x080091a8   0x00000094   Code   RO         3306    .text               memp.o
    0x0800923c   0x00000318   Code   RO         3362    .text               netif.o
    0x08009554   0x00000204   Code   RO         3394    .text               raw.o
    0x08009758   0x000002d0   Code   RO         3426    .text               sys.o
    0x08009a28   0x00000bdc   Code   RO         3456    .text               tcp.o
    0x0800a604   0x00000d98   Code   RO         3486    .text               tcp_in.o
    0x0800b39c   0x000009bc   Code   RO         3521    .text               tcp_out.o
    0x0800bd58   0x00000488   Code   RO         3544    .text               udp.o
    0x0800c1e0   0x000001a8   Code   RO         3582    .text               sys_arch.o
    0x0800c388   0x00000390   Code   RO         3615    .text               autoip.o
    0x0800c718   0x000001f6   Code   RO         3651    .text               icmp.o
    0x0800c90e   0x00000002   PAD
    0x0800c910   0x000001b0   Code   RO         3669    .text               inet.o
    0x0800cac0   0x000001ac   Code   RO         3683    .text               inet_chksum.o
    0x0800cc6c   0x00000324   Code   RO         3697    .text               ip.o
    0x0800cf90   0x00000034   Code   RO         3729    .text               ip_addr.o
    0x0800cfc4   0x000005ec   Code   RO         3752    .text               ip_frag.o
    0x0800d5b0   0x000008c0   Code   RO         3770    .text               etharp.o
    0x0800de70   0x000007e0   Code   RO         3880    .text               test.o
    0x0800e650   0x00000900   Code   RO         3962    .text               testbmk.o
    0x0800ef50   0x000003c8   Code   RO         4016    .text               testdyn.o
    0x0800f318   0x00000492   Code   RO         4045    .text               testevt.o
    0x0800f7aa   0x00000002   PAD
    0x0800f7ac   0x00000278   Code   RO         4076    .text               testheap.o
    0x0800fa24   0x000005bc   Code   RO         4101    .text               testmbox.o
    0x0800ffe0   0x00000094   Code   RO         4130    .text               testmsg.o
    0x08010074   0x000006e4   Code   RO         4154    .text               testmtx.o
    0x08010758   0x000000d8   Code   RO         4190    .text               testpools.o
    0x08010830   0x000004bc   Code   RO         4215    .text               testqueues.o
    0x08010cec   0x000004ac   Code   RO         4246    .text               testsem.o
    0x08011198   0x0000014c   Code   RO         4335    .text               testsys.o
    0x080112e4   0x00000368   Code   RO         4430    .text               testthd.o
    0x0801164c   0x00000058   Code   RO         4512    .text               c_w.l(memcmp.o)
    0x080116a4   0x00000048   Code   RO         4514    .text               c_w.l(strcpy.o)
    0x080116ec   0x0000003e   Code   RO         4518    .text               c_w.l(strlen.o)
    0x0801172a   0x00000096   Code   RO         4520    .text               c_w.l(strncmp.o)
    0x080117c0   0x0000008a   Code   RO         4522    .text               c_w.l(rt_memcpy_v6.o)
    0x0801184a   0x00000064   Code   RO         4524    .text               c_w.l(rt_memcpy_w.o)
    0x080118ae   0x00000044   Code   RO         4526    .text               c_w.l(rt_memclr.o)
    0x080118f2   0x0000004e   Code   RO         4528    .text               c_w.l(rt_memclr_w.o)
    0x08011940   0x00000080   Code   RO         4530    .text               c_w.l(strcmpv7m.o)
    0x080119c0   0x00000006   Code   RO         4532    .text               c_w.l(heapauxi.o)
    0x080119c6   0x0000000c   Code   RO         4598    .text               c_w.l(exit.o)
    0x080119d2   0x00000002   PAD
    0x080119d4   0x0000000c   Code   RO         4662    .text               c_w.l(sys_exit.o)
    0x080119e0   0x00000002   Code   RO         4673    .text               c_w.l(use_no_semi.o)
    0x080119e2   0x00000000   Code   RO         4675    .text               c_w.l(indicate_semi.o)
    0x080119e2   0x0000000c   Code   RO         3624    i.__ARM_common_memclr4_10  autoip.o
    0x080119ee   0x0000000a   Code   RO         4660    x$fpl$fpinit        fz_wm.l(fpinit.o)
    0x080119f8   0x00000006   Data   RO          203    .constdata          mac_lld.o
    0x080119fe   0x00000016   Data   RO         1298    .constdata          chregistry.o
    0x08011a14   0x00000020   Data   RO         1923    .constdata          serial.o
    0x08011a34   0x0000000c   Data   RO         2126    .constdata          serial_lld.o
    0x08011a40   0x00000010   Data   RO         2304    .constdata          memstreams.o
    0x08011a50   0x000000fc   Data   RO         2412    .constdata          board.o
    0x08011b4c   0x00000058   Data   RO         2442    .constdata          mqtt.o
    0x08011ba4   0x00000058   Data   RO         2527    .constdata          mqttclient.o
    0x08011bfc   0x000000b3   Data   RO         2714    .constdata          web.o
    0x08011caf   0x00000001   PAD
    0x08011cb0   0x0000003c   Data   RO         3024    .constdata          sockets.o
    0x08011cec   0x00000038   Data   RO         3308    .constdata          memp.o
    0x08011d24   0x00000014   Data   RO         3457    .constdata          tcp.o
    0x08011d38   0x00000004   Data   RO         3730    .constdata          ip_addr.o
    0x08011d3c   0x00000004   Data   RO         3731    .constdata          ip_addr.o
    0x08011d40   0x0000000c   Data   RO         3772    .constdata          etharp.o
    0x08011d4c   0x00000014   Data   RO         3883    .constdata          test.o
    0x08011d60   0x00000010   Data   RO         3964    .constdata          testbmk.o
    0x08011d70   0x00000010   Data   RO         3965    .constdata          testbmk.o
    0x08011d80   0x00000010   Data   RO         3966    .constdata          testbmk.o
    0x08011d90   0x00000010   Data   RO         3967    .constdata          testbmk.o
    0x08011da0   0x00000010   Data   RO         3968    .constdata          testbmk.o
    0x08011db0   0x00000010   Data   RO         3969    .constdata          testbmk.o
    0x08011dc0   0x00000010   Data   RO         3970    .constdata          testbmk.o
    0x08011dd0   0x00000010   Data   RO         3971    .constdata          testbmk.o
    0x08011de0   0x00000010   Data   RO         3972    .constdata          testbmk.o
    0x08011df0   0x00000010   Data   RO         3973    .constdata          testbmk.o
    0x08011e00   0x00000010   Data   RO         3974    .constdata          testbmk.o
    0x08011e10   0x00000010   Data   RO         3975    .constdata          testbmk.o
    0x08011e20   0x00000010   Data   RO         3976    .constdata          testbmk.o
    0x08011e30   0x00000038   Data   RO         3977    .constdata          testbmk.o
    0x08011e68   0x00000010   Data   RO         4018    .constdata          testdyn.o
    0x08011e78   0x00000010   Data   RO         4019    .constdata          testdyn.o
    0x08011e88   0x00000010   Data   RO         4020    .constdata          testdyn.o
    0x08011e98   0x00000010   Data   RO         4021    .constdata          testdyn.o
    0x08011ea8   0x0000000c   Data   RO         4046    .constdata          testevt.o
    0x08011eb4   0x00000010   Data   RO         4047    .constdata          testevt.o
    0x08011ec4   0x00000010   Data   RO         4048    .constdata          testevt.o
    0x08011ed4   0x00000010   Data   RO         4049    .constdata          testevt.o
    0x08011ee4   0x00000010   Data   RO         4050    .constdata          testevt.o
    0x08011ef4   0x00000010   Data   RO         4078    .constdata          testheap.o
    0x08011f04   0x00000008   Data   RO         4079    .constdata          testheap.o
    0x08011f0c   0x00000010   Data   RO         4102    .constdata          testmbox.o
    0x08011f1c   0x00000008   Data   RO         4103    .constdata          testmbox.o
    0x08011f24   0x00000010   Data   RO         4131    .constdata          testmsg.o
    0x08011f34   0x00000008   Data   RO         4132    .constdata          testmsg.o
    0x08011f3c   0x00000010   Data   RO         4155    .constdata          testmtx.o
    0x08011f4c   0x00000010   Data   RO         4156    .constdata          testmtx.o
    0x08011f5c   0x00000010   Data   RO         4157    .constdata          testmtx.o
    0x08011f6c   0x00000010   Data   RO         4158    .constdata          testmtx.o
    0x08011f7c   0x00000010   Data   RO         4159    .constdata          testmtx.o
    0x08011f8c   0x00000010   Data   RO         4160    .constdata          testmtx.o
    0x08011f9c   0x0000001c   Data   RO         4161    .constdata          testmtx.o
    0x08011fb8   0x00000010   Data   RO         4191    .constdata          testpools.o
    0x08011fc8   0x00000008   Data   RO         4192    .constdata          testpools.o
    0x08011fd0   0x00000010   Data   RO         4216    .constdata          testqueues.o
    0x08011fe0   0x00000010   Data   RO         4217    .constdata          testqueues.o
    0x08011ff0   0x0000000c   Data   RO         4218    .constdata          testqueues.o
    0x08011ffc   0x00000010   Data   RO         4247    .constdata          testsem.o
    0x0801200c   0x00000010   Data   RO         4248    .constdata          testsem.o
    0x0801201c   0x00000010   Data   RO         4249    .constdata          testsem.o
    0x0801202c   0x00000010   Data   RO         4250    .constdata          testsem.o
    0x0801203c   0x00000014   Data   RO         4251    .constdata          testsem.o
    0x08012050   0x00000010   Data   RO         4336    .constdata          testsys.o
    0x08012060   0x00000010   Data   RO         4337    .constdata          testsys.o
    0x08012070   0x00000010   Data   RO         4338    .constdata          testsys.o
    0x08012080   0x00000010   Data   RO         4339    .constdata          testsys.o
    0x08012090   0x00000010   Data   RO         4431    .constdata          testthd.o
    0x080120a0   0x00000010   Data   RO         4432    .constdata          testthd.o
    0x080120b0   0x00000010   Data   RO         4433    .constdata          testthd.o
    0x080120c0   0x00000010   Data   RO         4434    .constdata          testthd.o
    0x080120d0   0x00000014   Data   RO         4435    .constdata          testthd.o
    0x080120e4   0x00000068   Data   RO         3458    .conststring        tcp.o
    0x0801214c   0x00000017   Data   RO         3979    .conststring        testbmk.o
    0x08012163   0x00000017   Data   RO         3980    .conststring        testbmk.o
    0x0801217a   0x00000017   Data   RO         3981    .conststring        testbmk.o
    0x08012191   0x0000001a   Data   RO         3982    .conststring        testbmk.o
    0x080121ab   0x0000001f   Data   RO         3983    .conststring        testbmk.o
    0x080121ca   0x00000020   Data   RO         3984    .conststring        testbmk.o
    0x080121ea   0x00000026   Data   RO         3985    .conststring        testbmk.o
    0x08012210   0x00000029   Data   RO         3986    .conststring        testbmk.o
    0x08012239   0x00000021   Data   RO         3987    .conststring        testbmk.o
    0x0801225a   0x00000024   Data   RO         3988    .conststring        testbmk.o
    0x0801227e   0x00000022   Data   RO         3989    .conststring        testbmk.o
    0x080122a0   0x0000001f   Data   RO         3990    .conststring        testbmk.o
    0x080122bf   0x00000019   Data   RO         3991    .conststring        testbmk.o
    0x080122d8   0x00000029   Data   RO         4022    .conststring        testdyn.o
    0x08012301   0x00000030   Data   RO         4023    .conststring        testdyn.o
    0x08012331   0x00000026   Data   RO         4024    .conststring        testdyn.o
    0x08012357   0x00000022   Data   RO         4052    .conststring        testevt.o
    0x08012379   0x0000001b   Data   RO         4053    .conststring        testevt.o
    0x08012394   0x00000011   Data   RO         4054    .conststring        testevt.o
    0x080123a5   0x00000028   Data   RO         4080    .conststring        testheap.o
    0x080123cd   0x00000020   Data   RO         4105    .conststring        testmbox.o
    0x080123ed   0x0000000f   Data   RO         4133    .conststring        testmsg.o
    0x080123fc   0x00000021   Data   RO         4163    .conststring        testmtx.o
    0x0801241d   0x00000019   Data   RO         4164    .conststring        testmtx.o
    0x08012436   0x00000010   Data   RO         4165    .conststring        testmtx.o
    0x08012446   0x00000015   Data   RO         4166    .conststring        testmtx.o
    0x0801245b   0x00000018   Data   RO         4167    .conststring        testmtx.o
    0x08012473   0x00000014   Data   RO         4168    .conststring        testmtx.o
    0x08012487   0x0000001c   Data   RO         4193    .conststring        testpools.o
    0x080124a3   0x00000015   Data   RO         4220    .conststring        testqueues.o
    0x080124b8   0x00000016   Data   RO         4221    .conststring        testqueues.o
    0x080124ce   0x00000016   Data   RO         4253    .conststring        testsem.o
    0x080124e4   0x00000014   Data   RO         4254    .conststring        testsem.o
    0x080124f8   0x0000001f   Data   RO         4255    .conststring        testsem.o
    0x08012517   0x00000021   Data   RO         4256    .conststring        testsem.o
    0x08012538   0x00000017   Data   RO         4341    .conststring        testsys.o
    0x0801254f   0x0000001c   Data   RO         4342    .conststring        testsys.o
    0x0801256b   0x00000012   Data   RO         4343    .conststring        testsys.o
    0x0801257d   0x0000001b   Data   RO         4437    .conststring        testthd.o
    0x08012598   0x0000001b   Data   RO         4438    .conststring        testthd.o
    0x080125b3   0x00000019   Data   RO         4439    .conststring        testthd.o
    0x080125cc   0x00000010   Data   RO         4440    .conststring        testthd.o
    0x080125dc   0x00000020   Data   RO         4727    Region$$Table       anon$$obj.o


    Execution Region RW_IRAM1 (Base: 0x20000000, Size: 0x0000abc8, Max: 0x00020000, ABSOLUTE, COMPRESSED[0x000000b4])

    Base Addr    Size         Type   Attr      Idx    E Section Name        Object

    0x20000000   0x00000008   Data   RW         1061    .data               chmemcore.o
    0x20000008   0x00000004   Data   RW         2633    .data               mqttpacket.o
    0x2000000c   0x0000000c   Data   RW         3025    .data               sockets.o
    0x20000018   0x00000010   Data   RW         3051    .data               tcpip.o
    0x20000028   0x00000004   Data   RW         3149    .data               dhcp.o
    0x2000002c   0x00000010   Data   RW         3195    .data               dns.o
    0x2000003c   0x00000010   Data   RW         3281    .data               mem.o
    0x2000004c   0x0000000c   Data   RW         3363    .data               netif.o
    0x20000058   0x00000004   Data   RW         3395    .data               raw.o
    0x2000005c   0x0000004c   Data   RW         3459    .data               tcp.o
    0x200000a8   0x0000001c   Data   RW         3488    .data               tcp_in.o
    0x200000c4   0x00000004   Data   RW         3545    .data               udp.o
    0x200000c8   0x00000004   Data   RW         3585    .data               sys_arch.o
    0x200000cc   0x0000000c   Data   RW         3698    .data               ip.o
    0x200000d8   0x00000008   Data   RW         3754    .data               ip_frag.o
    0x200000e0   0x00000001   Data   RW         3773    .data               etharp.o
    0x200000e1   0x00000003   PAD
    0x200000e4   0x00000044   Data   RW         3885    .data               test.o
    0x20000128   0x00000008   Data   RW         4055    .data               testevt.o
    0x20000130   0x00000028   Data   RW         4106    .data               testmbox.o
    0x20000158   0x00000028   Data   RW         4169    .data               testmtx.o
    0x20000180   0x0000000c   Data   RW         4194    .data               testpools.o
    0x2000018c   0x00000048   Data   RW         4222    .data               testqueues.o
    0x200001d4   0x0000000c   Data   RW         4257    .data               testsem.o
    0x200001e0   0x00002444   Zero   RW          202    .bss                mac_lld.o
    0x20002624   0x00000004   PAD
    0x20002628   0x00000020   Zero   RW          953    .bss                chheap.o
    0x20002648   0x000001d8   Zero   RW         1326    .bss                chschd.o
    0x20002820   0x00000020   Zero   RW         2094    .bss                gpt_lld.o
    0x20002840   0x00000078   Zero   RW         2125    .bss                serial_lld.o
    0x200028b8   0x00000560   Zero   RW         2329    .bss                main.o
    0x20002e18   0x00000550   Zero   RW         2441    .bss                mqtt.o
    0x20003368   0x00000550   Zero   RW         2713    .bss                web.o
    0x200038b8   0x00000050   Zero   RW         3023    .bss                sockets.o
    0x20003908   0x00000660   Zero   RW         3194    .bss                dns.o
    0x20003f68   0x00002814   Zero   RW         3280    .bss                mem.o
    0x2000677c   0x0000276b   Zero   RW         3307    .bss                memp.o
    0x20008ee7   0x00000001   PAD
    0x20008ee8   0x00000014   Zero   RW         3487    .bss                tcp_in.o
    0x20008efc   0x00000010   Zero   RW         3670    .bss                inet.o
    0x20008f0c   0x000005e0   Zero   RW         3753    .bss                ip_frag.o
    0x200094ec   0x000000c8   Zero   RW         3771    .bss                etharp.o
    0x200095b4   0x00000038   Zero   RW         3881    .bss                test.o
    0x200095ec   0x00000004   PAD
    0x200095f0   0x00000910   Zero   RW         3882    .bss                test.o
    0x20009f00   0x00000078   Zero   RW         3963    .bss                testbmk.o
    0x20009f78   0x0000002c   Zero   RW         4017    .bss                testdyn.o
    0x20009fa4   0x00000004   PAD
    0x20009fa8   0x00000020   Zero   RW         4077    .bss                testheap.o
    0x20009fc8   0x00000400   Zero   RW            9    CSTACK              cstartup.o
    0x2000a3c8   0x00000400   Zero   RW           10    HEAP                cstartup.o
    0x2000a7c8   0x00000400   Zero   RW            8    MSTACK              cstartup.o


    Execution Region RW_IRAM2 (Base: 0x20020000, Size: 0x00000000, Max: 0x00000001, ABSOLUTE)

    Base Addr    Size         Type   Attr      Idx    E Section Name        Object

    0x20020000   0x00000000   Data   RO         4729    linker$$defined$$symbols  anon$$obj.o


==============================================================================

Image component sizes


      Code (inc. data)   RO Data    RW Data    ZI Data      Debug   Object Name

       924         50          0          0          0      33528   api_lib.o
      2672         54          0          0          0      26541   api_msg.o
       924         32          0          0          0       9070   autoip.o
         6          0        252          0          0       5146   board.o
       480          6          0          0          0      11750   chcond.o
         0          0          0          0          0     263349   chcore.o
       120         22          0          0          0       3029   chcore_v7m.o
        46          0          0          0          0        604   chcoreasm_v7m.o
       232          0          0          0          0       3773   chdynamic.o
       856          4          0          0          0       7041   chevents.o
       356         10          0          0         32       2338   chheap.o
       644          0          0          0          0      12686   chmboxes.o
       108         12          0          8          0       2178   chmemcore.o
       146          0          0          0          0       2937   chmempools.o
       132          6          0          0          0       9200   chmsg.o
       548          4          0          0          0      11369   chmtx.o
       780          8          0          0          0       3511   chprintf.o
       582          0          0          0          0       6515   chqueues.o
        68          4         22          0          0       3002   chregistry.o
       652         18          0          0        472      13465   chschd.o
       540          4          0          0          0      11934   chsem.o
       540         42          0          0          0      45994   chsys.o
       824          8          0          0          0      18706   chthreads.o
       168         10          0          0          0       5759   chtm.o
       276         10          0          0          0       2603   chvt.o
        80         32          0          0       3072        568   cstartup.o
      4704         54          0          4          0      21933   dhcp.o
      1528         54          0         16       1632      15804   dns.o
      2240         22         12          1        200      17982   etharp.o
         0          0          0          0          0        996   evtimer.o
       208          0          0          0          0       3859   gpt.o
       480         28          0          0         32       4416   gpt_lld.o
        40          4          0          0          0        546   hal.o
       344         56          0          0          0       1372   hal_lld.o
       502          0          0          0          0       2690   icmp.o
       432         14          0          0         16       2514   inet.o
       428          0          0          0          0       2922   inet_chksum.o
        30          0          0          0          0        568   init.o
       804         14          0         12          0       7899   ip.o
        52          0          8          0          0       5593   ip_addr.o
      1516         12          0          8       1504       6400   ip_frag.o
         0          0          0          0          0       1156   lwipthread.o
       278          0          0          0          0      15772   mac.o
      1360         78          6          0       9284      27245   mac_lld.o
       304         76          0          0       1376       2499   main.o
       664          8          0         16      10260       3500   mem.o
       148         12         56          0      10091      11083   memp.o
       160          6         16          0          0       2819   memstreams.o
       656        312         88          0       1360      17878   mqtt.o
      2236         16         88          0          0       8018   mqttclient.o
       776         16          0          0          0       5492   mqttconnectclient.o
       218          0          0          0          0       1886   mqttdeserializepublish.o
       392          0          0          0          0       3001   mqttlwip.o
       828          8          0          4          0       5640   mqttpacket.o
       468          0          0          0          0       3360   mqttserializepublish.o
       378          0          0          0          0       2281   mqttsubscribeclient.o
       270          0          0          0          0       2127   mqttunsubscribeclient.o
       318          0          0          0          0       2881   netbuf.o
         0          0          0          0          0       5416   netdb.o
       792         14          0         12          0      10161   netif.o
       108          8          0          0          0       1091   nvic.o
       572         46          0          0          0       2170   pal_lld.o
      1290          0          0          0          0       6734   pbuf.o
       516          6          0          4          0       4447   raw.o
       276          4         32          0          0       8142   serial.o
       472         34         12          0        120       9479   serial_lld.o
         0          0          0          0          0       4163   shell.o
      4004         66         60         12         80      15597   sockets.o
        46          0          0          0          0       2068   st.o
       108         10          0          0          0        923   st_lld.o
       720          4          0          0          0       3442   sys.o
       424          8          0          4          0       8792   sys_arch.o
      3036         68        124         76          0      18430   tcp.o
      3480         68          0         28         20      16403   tcp_in.o
      2492         14          0          0          0      16350   tcp_out.o
      1044         68          0         16          0      18604   tcpip.o
      2016        510         20         68       2376      10294   test.o
      2304        382        660          0        120       8541   testbmk.o
       968         62        191          0         44       3060   testdyn.o
      1170         40        154          8          0       4516   testevt.o
       632          8         64          0         32       2000   testheap.o
      1468         22         56         40          0       6272   testmbox.o
       148         22         39          0          0       1442   testmsg.o
      1764        102        263         40          0       5571   testmtx.o
       216         14         52         12          0       1490   testpools.o
      1212         44         87         72          0       8084   testqueues.o
      1196         62        190         12          0      18097   testsem.o
       332          4        133          0          0      19400   testsys.o
       872         44        179          0          0       3997   testthd.o
      1160          8          0          4          0      15949   udp.o
         2          0        448          0          0        532   vectors.o
       248         66        179          0       1360       1995   web.o

    ----------------------------------------------------------------------
     70584       2934       3524        480      43496     992380   Object Totals
         0          0         32          0          0          0   (incl. Generated)
        30          0          1          3         13          0   (incl. Padding)

    ----------------------------------------------------------------------

      Code (inc. data)   RO Data    RW Data    ZI Data      Debug   Library Member Name

        90          0          0          0          0          0   __dczerorl2.o
         8          0          0          0          0         68   __main.o
        52          8          0          0          0          0   __scatter.o
        28          0          0          0          0          0   __scatter_zi.o
        12          0          0          0          0         72   exit.o
         6          0          0          0          0        152   heapauxi.o
         0          0          0          0          0          0   indicate_semi.o
         2          0          0          0          0          0   libinit.o
         6          0          0          0          0          0   libinit2.o
         2          0          0          0          0          0   libshutdown.o
         2          0          0          0          0          0   libshutdown2.o
        88          0          0          0          0         76   memcmp.o
        68          0          0          0          0         68   rt_memclr.o
        78          0          0          0          0         80   rt_memclr_w.o
       138          0          0          0          0         68   rt_memcpy_v6.o
       100          0          0          0          0         80   rt_memcpy_w.o
         0          0          0          0          0          0   rtentry.o
        12          0          0          0          0          0   rtentry2.o
         8          4          0          0          0          0   rtentry5.o
         2          0          0          0          0          0   rtexit.o
        10          0          0          0          0          0   rtexit2.o
       128          0          0          0          0         68   strcmpv7m.o
        72          0          0          0          0         80   strcpy.o
        62          0          0          0          0         76   strlen.o
       150          0          0          0          0         80   strncmp.o
        12          4          0          0          0         68   sys_exit.o
         2          0          0          0          0         68   use_no_semi.o
        10          0          0          0          0        116   fpinit.o

    ----------------------------------------------------------------------
      1152         16          0          0          0       1220   Library Totals
         4          0          0          0          0          0   (incl. Padding)

    ----------------------------------------------------------------------

      Code (inc. data)   RO Data    RW Data    ZI Data      Debug   Library Name

      1138         16          0          0          0       1104   c_w.l
        10          0          0          0          0        116   fz_wm.l

    ----------------------------------------------------------------------
      1152         16          0          0          0       1220   Library Totals

    ----------------------------------------------------------------------

==============================================================================


      Code (inc. data)   RO Data    RW Data    ZI Data      Debug   

     71736       2950       3524        480      43496     976976   Grand Totals
     71736       2950       3524        180      43496     976976   ELF Image Totals (compressed)
     71736       2950       3524        180          0          0   ROM Totals

==============================================================================

    Total RO  Size (Code + RO Data)                75260 (  73.50kB)
    Total RW  Size (RW Data + ZI Data)             43976 (  42.95kB)
    Total ROM Size (Code + RO Data + RW Data)      75440 (  73.67kB)

==============================================================================

